******************************************************************************
                  TI ARM Linker PC v5.1.8                      
******************************************************************************
>> Linked Mon Oct 27 12:16:38 2014

OUTPUT FILE NAME:   <Xbee_Tiva.out>
ENTRY POINT SYMBOL: "_c_int00"  address: 000010e1


MEMORY CONFIGURATION

         name            origin    length      used     unused   attr    fill
----------------------  --------  ---------  --------  --------  ----  --------
  FLASH                 00000000   00040000  000012c4  0003ed3c  R  X
  SRAM                  20000000   00008000  000008dc  00007724  RW X


SEGMENT ALLOCATION MAP

run origin  load origin   length   init length attrs members
----------  ----------- ---------- ----------- ----- -------
00000000    00000000    000012c8   000012c8    r-x
  00000000    00000000    0000026c   0000026c    r-- .intvecs
  0000026c    0000026c    00000fe6   00000fe6    r-x .text
  00001254    00001254    0000003a   0000003a    r-- .const
  00001290    00001290    00000038   00000038    r-- .cinit
20000000    20000000    000008dc   00000000    rw-
  20000000    20000000    000004b0   00000000    rw- .bss
  200004b0    200004b0    00000400   00000000    rw- .stack
  200008b0    200008b0    0000002c   00000000    rw- .data


SECTION ALLOCATION MAP

 output                                  attributes/
section   page    origin      length       input sections
--------  ----  ----------  ----------   ----------------
.intvecs   0    00000000    0000026c     
                  00000000    0000026c     startup_ccs.obj (.intvecs)

.init_array 
*          0    00000000    00000000     UNINITIALIZED

.text      0    0000026c    00000fe6     
                  0000026c    00000914     uartstdio.obj (.text)
                  00000b80    000003d0     Xbee_Tiva.obj (.text)
                  00000f50    0000009c     rtsv7M4_T_le_v4SPD16_eabi.lib : memcpy_t2.obj (.text)
                  00000fec    00000094                                   : auto_init.obj (.text)
                  00001080    0000005e                                   : copy_decompress_rle.obj (.text)
                  000010de    00000002     --HOLE-- [fill = 0]
                  000010e0    00000048                                   : boot.obj (.text)
                  00001128    00000044                                   : cpy_tbl.obj (.text)
                  0000116c    00000044                                   : exit.obj (.text)
                  000011b0    00000042                                   : u_divt2.obj (.text)
                  000011f2    00000002     --HOLE-- [fill = 0]
                  000011f4    00000018                                   : args_main.obj (.text)
                  0000120c    00000014                                   : _lock.obj (.text)
                  00001220    00000012                                   : copy_zero_init.obj (.text:decompress:ZI)
                  00001232    0000000e                                   : copy_decompress_none.obj (.text:decompress:none)
                  00001240    0000000c     startup_ccs.obj (.text)
                  0000124c    00000006     rtsv7M4_T_le_v4SPD16_eabi.lib : copy_decompress_rle.obj (.text:decompress:rle24)

.const     0    00001254    0000003a     
                  00001254    00000028     uartstdio.obj (.const)
                  0000127c    00000012     uartstdio.obj (.const:.string)

.cinit     0    00001290    00000038     
                  00001290    00000012     (.cinit..data.load) [load image, compression = rle]
                  000012a2    00000002     --HOLE-- [fill = 0]
                  000012a4    0000000c     (__TI_handler_table)
                  000012b0    00000008     (.cinit..bss.load) [load image, compression = zero_init]
                  000012b8    00000010     (__TI_cinit_table)

.bss       0    20000000    000004b0     UNINITIALIZED
                  20000000    00000400     uartstdio.obj (.bss:g_pcUARTTxBuffer)
                  20000400    00000080     uartstdio.obj (.bss:g_pcUARTRxBuffer)
                  20000480    0000002a     Xbee_Tiva.obj (.bss:tXbeeFrame)
                  200004aa    00000001     (.common:g_bDisableEcho)
                  200004ab    00000001     --HOLE--
                  200004ac    00000004     (.common:g_ui32PortNum)

.stack     0    200004b0    00000400     UNINITIALIZED
                  200004b0    00000400     --HOLE--

.data      0    200008b0    0000002c     UNINITIALIZED
                  200008b0    00000015     uartstdio.obj (.data)
                  200008c5    00000003     --HOLE--
                  200008c8    00000008     rtsv7M4_T_le_v4SPD16_eabi.lib : _lock.obj (.data)
                  200008d0    00000008                                   : exit.obj (.data)
                  200008d8    00000004                                   : stkdepth_vars.obj (.data)


LINKER GENERATED COPY TABLES

__TI_cinit_table @ 000012b8 records: 2, size/record: 8, table size: 16
	.data: load addr=00001290, load size=00000012 bytes, run addr=200008b0, run size=0000002c bytes, compression=rle
	.bss: load addr=000012b0, load size=00000008 bytes, run addr=20000000, run size=000004b0 bytes, compression=zero_init


LINKER GENERATED HANDLER TABLE

__TI_handler_table @ 000012a4 records: 3, size/record: 4, table size: 12
	index: 0, handler: __TI_decompress_rle24
	index: 1, handler: __TI_decompress_none
	index: 2, handler: __TI_zero_init


GLOBAL SYMBOLS: SORTED ALPHABETICALLY BY Name 

address    name
--------   ----
0000116d   C$$EXIT
00000d9f   ConfigureUART0
00000dff   ConfigureUART1
00001241   ResetISR
UNDEFED    SHT$$INIT_ARRAY$$Base
UNDEFED    SHT$$INIT_ARRAY$$Limit
00000bf5   UART1IntHandler
000009c1   UARTEchoSet
0000095b   UARTFlushRx
00000983   UARTFlushTx
00000901   UARTPeek
000008df   UARTRxBytesAvail
00000d71   UARTSend
0000037f   UARTStdioConfig
000009f5   UARTStdioIntHandler
000008ed   UARTTxBytesFree
00000559   UARTgetc
000004dd   UARTgets
000008bb   UARTprintf
000005c1   UARTvprintf
00000437   UARTwrite
200008b0   __STACK_END
00000400   __STACK_SIZE
200006b0   __STACK_TOP
000012b8   __TI_CINIT_Base
000012c8   __TI_CINIT_Limit
000012a4   __TI_Handler_Table_Base
000012b0   __TI_Handler_Table_Limit
00000001   __TI_args_main
00000fed   __TI_auto_init
200008d0   __TI_cleanup_ptr
00001233   __TI_decompress_none
0000124d   __TI_decompress_rle24
200008d4   __TI_dtors_ptr
00000000   __TI_static_base__
00001221   __TI_zero_init
00000f51   __aeabi_memcpy
00000f51   __aeabi_memcpy4
00000f51   __aeabi_memcpy8
000011b1   __aeabi_uidivmod
ffffffff   __binit__
ffffffff   __c_args__
200004b0   __stack
000011f5   _args_main
000010e1   _c_int00
200008c8   _lock
0000121b   _nop
00001213   _register_lock
0000120d   _register_unlock
200008cc   _unlock
00001171   abort
ffffffff   binit
00001129   copy_in
00001179   exit
00000000   g_pfnVectors
00000ea1   main
200008d8   main_func_sp
00000f51   memcpy
00000b81   resetXbeeFrameData
20000480   tXbeeFrame


GLOBAL SYMBOLS: SORTED BY Symbol Address 

address    name
--------   ----
00000000   __TI_static_base__
00000000   g_pfnVectors
00000001   __TI_args_main
0000037f   UARTStdioConfig
00000400   __STACK_SIZE
00000437   UARTwrite
000004dd   UARTgets
00000559   UARTgetc
000005c1   UARTvprintf
000008bb   UARTprintf
000008df   UARTRxBytesAvail
000008ed   UARTTxBytesFree
00000901   UARTPeek
0000095b   UARTFlushRx
00000983   UARTFlushTx
000009c1   UARTEchoSet
000009f5   UARTStdioIntHandler
00000b81   resetXbeeFrameData
00000bf5   UART1IntHandler
00000d71   UARTSend
00000d9f   ConfigureUART0
00000dff   ConfigureUART1
00000ea1   main
00000f51   __aeabi_memcpy
00000f51   __aeabi_memcpy4
00000f51   __aeabi_memcpy8
00000f51   memcpy
00000fed   __TI_auto_init
000010e1   _c_int00
00001129   copy_in
0000116d   C$$EXIT
00001171   abort
00001179   exit
000011b1   __aeabi_uidivmod
000011f5   _args_main
0000120d   _register_unlock
00001213   _register_lock
0000121b   _nop
00001221   __TI_zero_init
00001233   __TI_decompress_none
00001241   ResetISR
0000124d   __TI_decompress_rle24
000012a4   __TI_Handler_Table_Base
000012b0   __TI_Handler_Table_Limit
000012b8   __TI_CINIT_Base
000012c8   __TI_CINIT_Limit
20000480   tXbeeFrame
200004b0   __stack
200006b0   __STACK_TOP
200008b0   __STACK_END
200008c8   _lock
200008cc   _unlock
200008d0   __TI_cleanup_ptr
200008d4   __TI_dtors_ptr
200008d8   main_func_sp
ffffffff   __binit__
ffffffff   __c_args__
ffffffff   binit
UNDEFED    SHT$$INIT_ARRAY$$Base
UNDEFED    SHT$$INIT_ARRAY$$Limit

[60 symbols]
