******************************************************************************
                  TI ARM Linker PC v5.1.8                      
******************************************************************************
>> Linked Mon Oct 27 10:59:47 2014

OUTPUT FILE NAME:   <Xbee_Tiva.out>
ENTRY POINT SYMBOL: "_c_int00"  address: 00000f09


MEMORY CONFIGURATION

         name            origin    length      used     unused   attr    fill
----------------------  --------  ---------  --------  --------  ----  --------
  FLASH                 00000000   00040000  000010f2  0003ef0e  R  X
  SRAM                  20000000   00008000  000008b1  0000774f  RW X


SEGMENT ALLOCATION MAP

run origin  load origin   length   init length attrs members
----------  ----------- ---------- ----------- ----- -------
00000000    00000000    000010f8   000010f8    r-x
  00000000    00000000    0000026c   0000026c    r-- .intvecs
  0000026c    0000026c    00000e14   00000e14    r-x .text
  00001080    00001080    0000003a   0000003a    r-- .const
  000010c0    000010c0    00000038   00000038    r-- .cinit
20000000    20000000    000008b4   00000000    rw-
  20000000    20000000    00000485   00000000    rw- .bss
  20000488    20000488    00000400   00000000    rw- .stack
  20000888    20000888    0000002c   00000000    rw- .data


SECTION ALLOCATION MAP

 output                                  attributes/
section   page    origin      length       input sections
--------  ----  ----------  ----------   ----------------
.intvecs   0    00000000    0000026c     
                  00000000    0000026c     startup_ccs.obj (.intvecs)

.init_array 
*          0    00000000    00000000     UNINITIALIZED

.text      0    0000026c    00000e14     
                  0000026c    00000914     uartstdio.obj (.text)
                  00000b80    000001f8     Xbee_Tiva.obj (.text)
                  00000d78    0000009c     rtsv7M4_T_le_v4SPD16_eabi.lib : memcpy_t2.obj (.text)
                  00000e14    00000094                                   : auto_init.obj (.text)
                  00000ea8    0000005e                                   : copy_decompress_rle.obj (.text)
                  00000f06    00000002     --HOLE-- [fill = 0]
                  00000f08    00000048                                   : boot.obj (.text)
                  00000f50    00000044                                   : cpy_tbl.obj (.text)
                  00000f94    00000044                                   : exit.obj (.text)
                  00000fd8    00000042                                   : u_divt2.obj (.text)
                  0000101a    00000002     --HOLE-- [fill = 0]
                  0000101c    00000018                                   : args_main.obj (.text)
                  00001034    00000014                                   : _lock.obj (.text)
                  00001048    00000012                                   : copy_zero_init.obj (.text:decompress:ZI)
                  0000105a    0000000e                                   : copy_decompress_none.obj (.text:decompress:none)
                  00001068    0000000c     startup_ccs.obj (.text)
                  00001074    00000006     driverlib.lib : uart.obj (.text:UARTClockSourceSet)
                  0000107a    00000006     rtsv7M4_T_le_v4SPD16_eabi.lib : copy_decompress_rle.obj (.text:decompress:rle24)

.const     0    00001080    0000003a     
                  00001080    00000028     uartstdio.obj (.const)
                  000010a8    00000012     uartstdio.obj (.const:.string)

.cinit     0    000010c0    00000038     
                  000010c0    00000012     (.cinit..data.load) [load image, compression = rle]
                  000010d2    00000002     --HOLE-- [fill = 0]
                  000010d4    0000000c     (__TI_handler_table)
                  000010e0    00000008     (.cinit..bss.load) [load image, compression = zero_init]
                  000010e8    00000010     (__TI_cinit_table)

.bss       0    20000000    00000485     UNINITIALIZED
                  20000000    00000400     uartstdio.obj (.bss:g_pcUARTTxBuffer)
                  20000400    00000080     uartstdio.obj (.bss:g_pcUARTRxBuffer)
                  20000480    00000004     (.common:g_ui32PortNum)
                  20000484    00000001     (.common:g_bDisableEcho)

.stack     0    20000488    00000400     UNINITIALIZED
                  20000488    00000400     --HOLE--

.data      0    20000888    0000002c     UNINITIALIZED
                  20000888    00000015     uartstdio.obj (.data)
                  2000089d    00000003     --HOLE--
                  200008a0    00000008     rtsv7M4_T_le_v4SPD16_eabi.lib : _lock.obj (.data)
                  200008a8    00000008                                   : exit.obj (.data)
                  200008b0    00000004                                   : stkdepth_vars.obj (.data)


LINKER GENERATED COPY TABLES

__TI_cinit_table @ 000010e8 records: 2, size/record: 8, table size: 16
	.data: load addr=000010c0, load size=00000012 bytes, run addr=20000888, run size=0000002c bytes, compression=rle
	.bss: load addr=000010e0, load size=00000008 bytes, run addr=20000000, run size=00000485 bytes, compression=zero_init


LINKER GENERATED HANDLER TABLE

__TI_handler_table @ 000010d4 records: 3, size/record: 4, table size: 12
	index: 0, handler: __TI_decompress_rle24
	index: 1, handler: __TI_decompress_none
	index: 2, handler: __TI_zero_init


GLOBAL SYMBOLS: SORTED ALPHABETICALLY BY Name 

address    name
--------   ----
00000f95   C$$EXIT
00000c03   ConfigureUART0
00000c5d   ConfigureUART1
00001069   ResetISR
UNDEFED    SHT$$INIT_ARRAY$$Base
UNDEFED    SHT$$INIT_ARRAY$$Limit
00000b81   UART1IntHandler
00001075   UARTClockSourceSet
000009c1   UARTEchoSet
0000095b   UARTFlushRx
00000983   UARTFlushTx
00000901   UARTPeek
000008df   UARTRxBytesAvail
00000bd5   UARTSend
0000037f   UARTStdioConfig
000009f5   UARTStdioIntHandler
000008ed   UARTTxBytesFree
00000559   UARTgetc
000004dd   UARTgets
000008bb   UARTprintf
000005c1   UARTvprintf
00000437   UARTwrite
20000888   __STACK_END
00000400   __STACK_SIZE
20000688   __STACK_TOP
000010e8   __TI_CINIT_Base
000010f8   __TI_CINIT_Limit
000010d4   __TI_Handler_Table_Base
000010e0   __TI_Handler_Table_Limit
00000001   __TI_args_main
00000e15   __TI_auto_init
200008a8   __TI_cleanup_ptr
0000105b   __TI_decompress_none
0000107b   __TI_decompress_rle24
200008ac   __TI_dtors_ptr
00000000   __TI_static_base__
00001049   __TI_zero_init
00000d79   __aeabi_memcpy
00000d79   __aeabi_memcpy4
00000d79   __aeabi_memcpy8
00000fd9   __aeabi_uidivmod
ffffffff   __binit__
ffffffff   __c_args__
20000488   __stack
0000101d   _args_main
00000f09   _c_int00
200008a0   _lock
00001043   _nop
0000103b   _register_lock
00001035   _register_unlock
200008a4   _unlock
00000f99   abort
ffffffff   binit
00000f51   copy_in
00000fa1   exit
00000000   g_pfnVectors
00000cdf   main
200008b0   main_func_sp
00000d79   memcpy


GLOBAL SYMBOLS: SORTED BY Symbol Address 

address    name
--------   ----
00000000   __TI_static_base__
00000000   g_pfnVectors
00000001   __TI_args_main
0000037f   UARTStdioConfig
00000400   __STACK_SIZE
00000437   UARTwrite
000004dd   UARTgets
00000559   UARTgetc
000005c1   UARTvprintf
000008bb   UARTprintf
000008df   UARTRxBytesAvail
000008ed   UARTTxBytesFree
00000901   UARTPeek
0000095b   UARTFlushRx
00000983   UARTFlushTx
000009c1   UARTEchoSet
000009f5   UARTStdioIntHandler
00000b81   UART1IntHandler
00000bd5   UARTSend
00000c03   ConfigureUART0
00000c5d   ConfigureUART1
00000cdf   main
00000d79   __aeabi_memcpy
00000d79   __aeabi_memcpy4
00000d79   __aeabi_memcpy8
00000d79   memcpy
00000e15   __TI_auto_init
00000f09   _c_int00
00000f51   copy_in
00000f95   C$$EXIT
00000f99   abort
00000fa1   exit
00000fd9   __aeabi_uidivmod
0000101d   _args_main
00001035   _register_unlock
0000103b   _register_lock
00001043   _nop
00001049   __TI_zero_init
0000105b   __TI_decompress_none
00001069   ResetISR
00001075   UARTClockSourceSet
0000107b   __TI_decompress_rle24
000010d4   __TI_Handler_Table_Base
000010e0   __TI_Handler_Table_Limit
000010e8   __TI_CINIT_Base
000010f8   __TI_CINIT_Limit
20000488   __stack
20000688   __STACK_TOP
20000888   __STACK_END
200008a0   _lock
200008a4   _unlock
200008a8   __TI_cleanup_ptr
200008ac   __TI_dtors_ptr
200008b0   main_func_sp
ffffffff   __binit__
ffffffff   __c_args__
ffffffff   binit
UNDEFED    SHT$$INIT_ARRAY$$Base
UNDEFED    SHT$$INIT_ARRAY$$Limit

[59 symbols]
